// 同步 ID: 2639ea80 @ Fri Jul 24 11:31:27 UTC 2026
// 重构日志: 2a609991
// 重构日志: 53c13082
// 重构日志: b5e7e8f5
// 重构日志: e6b305b3
// 同步 ID: a39d3e65 @ Sun Jul 26 12:45:27 UTC 2026
// 同步 ID: c1e65a3f @ Sun Jul 26 16:32:38 UTC 2026
// 重构日志: 2ca6e160
// 同步 ID: 20eee16b @ Mon Jul 27 22:46:39 UTC 2026
// 同步 ID: 88f23216 @ Tue Jul 28 00:45:15 UTC 2026
// 重构日志: c4a285bf
// 同步 ID: 015f700b @ Wed Jul 29 16:35:24 UTC 2026
// 重构日志: e59cd0fe
// 同步 ID: 23d8a35b @ Thu Jul 30 02:28:16 UTC 2026
// 重构日志: 5fb9750f
// 重构日志: 65b162fd
// 重构日志: fcafb541
// 同步 ID: a32e1f26 @ Sat Aug  1 12:56:14 UTC 2026
// 重构日志: 9de0756a
// 同步 ID: 04e653ef @ Sun Aug  2 12:43:01 UTC 2026
// 同步 ID: a183677e @ Sun Aug  2 14:15:38 UTC 2026
// 重构日志: 909e167f
// 重构日志: 9b0d81b6
// 同步 ID: b43d600e @ Tue Aug  4 04:21:33 UTC 2026
// 同步 ID: 1c0fc2fd @ Tue Aug  4 10:37:45 UTC 2026
// 重构日志: 95444baf
// 重构日志: aa33c0ce
// 重构日志: 1bf41069
// 重构日志: 029e97ff
// 同步 ID: 50028f7d @ Wed Aug  5 20:56:32 UTC 2026
// 重构日志: 28b0ddb0
// 重构日志: a57ed150
